Microsoft Windows [Version 10.0.19045.3693]
(c) Microsoft Corporation. All rights reserved.

C:\Users\zczak\Desktop\S5\ZikoDB>curl http://localhost:8080/get?key=0
Value: 0

C:\Users\zczak\Desktop\S5\ZikoDB>curl http://localhost:8080/get?key=1
Value: 1

C:\Users\zczak\Desktop\S5\ZikoDB>curl http://localhost:8080/get?key=2
Key not found in SST files

C:\Users\zczak\Desktop\S5\ZikoDB>curl http://localhost:8080/get?key=3
Key not found in SST files

C:\Users\zczak\Desktop\S5\ZikoDB>curl http://localhost:8080/get?key=4
Key not found in SST files

C:\Users\zczak\Desktop\S5\ZikoDB>curl http://localhost:8080/get?key=5
Key not found in SST files

C:\Users\zczak\Desktop\S5\ZikoDB>curl http://localhost:8080/get?key=6
Key not found in SST files

C:\Users\zczak\Desktop\S5\ZikoDB>curl http://localhost:8080/get?key=7
Key not found in SST files

C:\Users\zczak\Desktop\S5\ZikoDB>curl http://localhost:8080/get?key=8
Key not found in SST files

C:\Users\zczak\Desktop\S5\ZikoDB>curl http://localhost:8080/get?key=9
Key not found in SST files

C:\Users\zczak\Desktop\S5\ZikoDB>curl http://localhost:8080/get?key=10
Value: 10

C:\Users\zczak\Desktop\S5\ZikoDB>curl http://localhost:8080/get?key=11
Value: 11

C:\Users\zczak\Desktop\S5\ZikoDB>curl http://localhost:8080/get?key=12
Value: 12

C:\Users\zczak\Desktop\S5\ZikoDB>curl http://localhost:8080/get?key=13
Value: 13

C:\Users\zczak\Desktop\S5\ZikoDB>curl http://localhost:8080/get?key=14
Value: 14

C:\Users\zczak\Desktop\S5\ZikoDB>curl http://localhost:8080/get?key=15
Key not found in SST files

C:\Users\zczak\Desktop\S5\ZikoDB>curl http://localhost:8080/get?key=16
Key not found in SST files

C:\Users\zczak\Desktop\S5\ZikoDB>curl http://localhost:8080/get?key=17
Key not found in SST files

C:\Users\zczak\Desktop\S5\ZikoDB>curl http://localhost:8080/get?key=18
Key not found in SST files

C:\Users\zczak\Desktop\S5\ZikoDB>curl http://localhost:8080/get?key=19
Key not found in SST files

C:\Users\zczak\Desktop\S5\ZikoDB>curl http://localhost:8080/get?key=20
Key not found in SST files

C:\Users\zczak\Desktop\S5\ZikoDB>curl http://localhost:8080/get?key=21
Key not found in SST files

C:\Users\zczak\Desktop\S5\ZikoDB>curl http://localhost:8080/get?key=22
Key not found in SST files

C:\Users\zczak\Desktop\S5\ZikoDB>curl http://localhost:8080/get?key=23
Key not found in SST files

C:\Users\zczak\Desktop\S5\ZikoDB>curl http://localhost:8080/get?key=24
Key not found in SST files

C:\Users\zczak\Desktop\S5\ZikoDB>curl http://localhost:8080/get?key=25
Key not found in SST files

C:\Users\zczak\Desktop\S5\ZikoDB>curl http://localhost:8080/get?key=26
Key not found in SST files

C:\Users\zczak\Desktop\S5\ZikoDB>curl http://localhost:8080/get?key=27
Key not found in SST files

C:\Users\zczak\Desktop\S5\ZikoDB>curl http://localhost:8080/get?key=28
Key not found in SST files

C:\Users\zczak\Desktop\S5\ZikoDB>curl http://localhost:8080/get?key=29
Key not found in SST files

C:\Users\zczak\Desktop\S5\ZikoDB>curl http://localhost:8080/get?key=30
Key not found in SST files

C:\Users\zczak\Desktop\S5\ZikoDB>curl http://localhost:8080/get?key=31
Key not found in SST files

C:\Users\zczak\Desktop\S5\ZikoDB>curl http://localhost:8080/get?key=32
Key not found in SST files

C:\Users\zczak\Desktop\S5\ZikoDB>curl http://localhost:8080/get?key=33
Key not found in SST files

C:\Users\zczak\Desktop\S5\ZikoDB>curl http://localhost:8080/get?key=34
Key not found in SST files

C:\Users\zczak\Desktop\S5\ZikoDB>curl http://localhost:8080/get?key=35
Key not found in SST files

C:\Users\zczak\Desktop\S5\ZikoDB>curl http://localhost:8080/get?key=36
Key not found in SST files

C:\Users\zczak\Desktop\S5\ZikoDB>curl http://localhost:8080/get?key=37
Key not found in SST files

C:\Users\zczak\Desktop\S5\ZikoDB>curl http://localhost:8080/get?key=38
Key not found in SST files

C:\Users\zczak\Desktop\S5\ZikoDB>curl http://localhost:8080/get?key=39
Key not found in SST files

C:\Users\zczak\Desktop\S5\ZikoDB>curl http://localhost:8080/get?key=40
Key not found in SST files

C:\Users\zczak\Desktop\S5\ZikoDB>curl http://localhost:8080/get?key=41
Key not found in SST files

C:\Users\zczak\Desktop\S5\ZikoDB>curl http://localhost:8080/get?key=42
Key not found in SST files

C:\Users\zczak\Desktop\S5\ZikoDB>curl http://localhost:8080/get?key=43
Key not found in SST files

C:\Users\zczak\Desktop\S5\ZikoDB>curl http://localhost:8080/get?key=44
Key not found in SST files

C:\Users\zczak\Desktop\S5\ZikoDB>curl http://localhost:8080/get?key=45
Key not found in SST files

C:\Users\zczak\Desktop\S5\ZikoDB>curl http://localhost:8080/get?key=46
Key not found in SST files

C:\Users\zczak\Desktop\S5\ZikoDB>curl http://localhost:8080/get?key=47
Key not found in SST files

C:\Users\zczak\Desktop\S5\ZikoDB>curl http://localhost:8080/get?key=48
Key not found in SST files

C:\Users\zczak\Desktop\S5\ZikoDB>curl http://localhost:8080/get?key=49
Key not found in SST files

C:\Users\zczak\Desktop\S5\ZikoDB>curl http://localhost:8080/get?key=50
Key not found in SST files

C:\Users\zczak\Desktop\S5\ZikoDB>curl http://localhost:8080/get?key=51
Key not found in SST files

C:\Users\zczak\Desktop\S5\ZikoDB>curl http://localhost:8080/get?key=52
Key not found in SST files

C:\Users\zczak\Desktop\S5\ZikoDB>curl http://localhost:8080/get?key=53
Key not found in SST files

C:\Users\zczak\Desktop\S5\ZikoDB>curl http://localhost:8080/get?key=54
Key not found in SST files

C:\Users\zczak\Desktop\S5\ZikoDB>curl http://localhost:8080/get?key=55
Key not found in SST files

C:\Users\zczak\Desktop\S5\ZikoDB>curl http://localhost:8080/get?key=56
Key not found in SST files

C:\Users\zczak\Desktop\S5\ZikoDB>curl http://localhost:8080/get?key=57
Key not found in SST files

C:\Users\zczak\Desktop\S5\ZikoDB>curl http://localhost:8080/get?key=58
Key not found in SST files

C:\Users\zczak\Desktop\S5\ZikoDB>curl http://localhost:8080/get?key=59
Key not found in SST files

C:\Users\zczak\Desktop\S5\ZikoDB>curl http://localhost:8080/get?key=60
Key not found in SST files

C:\Users\zczak\Desktop\S5\ZikoDB>curl http://localhost:8080/get?key=61
Key not found in SST files

C:\Users\zczak\Desktop\S5\ZikoDB>curl http://localhost:8080/get?key=62
Key not found in SST files

C:\Users\zczak\Desktop\S5\ZikoDB>curl http://localhost:8080/get?key=63
Key not found in SST files

C:\Users\zczak\Desktop\S5\ZikoDB>curl http://localhost:8080/get?key=64
Key not found in SST files

C:\Users\zczak\Desktop\S5\ZikoDB>curl http://localhost:8080/get?key=65
Key not found in SST files

C:\Users\zczak\Desktop\S5\ZikoDB>curl http://localhost:8080/get?key=66
Key not found in SST files

C:\Users\zczak\Desktop\S5\ZikoDB>curl http://localhost:8080/get?key=67
Key not found in SST files

C:\Users\zczak\Desktop\S5\ZikoDB>curl http://localhost:8080/get?key=68
Key not found in SST files

C:\Users\zczak\Desktop\S5\ZikoDB>curl http://localhost:8080/get?key=69
Key not found in SST files

C:\Users\zczak\Desktop\S5\ZikoDB>curl http://localhost:8080/get?key=70
Key not found in SST files

C:\Users\zczak\Desktop\S5\ZikoDB>curl http://localhost:8080/get?key=71
Key not found in SST files

C:\Users\zczak\Desktop\S5\ZikoDB>curl http://localhost:8080/get?key=72
Key not found in SST files

C:\Users\zczak\Desktop\S5\ZikoDB>curl http://localhost:8080/get?key=73
Key not found in SST files

C:\Users\zczak\Desktop\S5\ZikoDB>curl http://localhost:8080/get?key=74
Key not found in SST files

C:\Users\zczak\Desktop\S5\ZikoDB>curl http://localhost:8080/get?key=75
Key not found in SST files

C:\Users\zczak\Desktop\S5\ZikoDB>curl http://localhost:8080/get?key=76
Key not found in SST files

C:\Users\zczak\Desktop\S5\ZikoDB>curl http://localhost:8080/get?key=77
Key not found in SST files

C:\Users\zczak\Desktop\S5\ZikoDB>curl http://localhost:8080/get?key=78
Key not found in SST files

C:\Users\zczak\Desktop\S5\ZikoDB>curl http://localhost:8080/get?key=79
Key not found in SST files

C:\Users\zczak\Desktop\S5\ZikoDB>curl http://localhost:8080/get?key=80
Key not found in SST files

C:\Users\zczak\Desktop\S5\ZikoDB>curl http://localhost:8080/get?key=81
Key not found in SST files

C:\Users\zczak\Desktop\S5\ZikoDB>curl http://localhost:8080/get?key=82
Key not found in SST files

C:\Users\zczak\Desktop\S5\ZikoDB>curl http://localhost:8080/get?key=83
Key not found in SST files

C:\Users\zczak\Desktop\S5\ZikoDB>curl http://localhost:8080/get?key=84
Key not found in SST files

C:\Users\zczak\Desktop\S5\ZikoDB>curl http://localhost:8080/get?key=85
Key not found in SST files

C:\Users\zczak\Desktop\S5\ZikoDB>curl http://localhost:8080/get?key=86
Key not found in SST files

C:\Users\zczak\Desktop\S5\ZikoDB>curl http://localhost:8080/get?key=87
Key not found in SST files

C:\Users\zczak\Desktop\S5\ZikoDB>curl http://localhost:8080/get?key=88
Key not found in SST files

C:\Users\zczak\Desktop\S5\ZikoDB>curl http://localhost:8080/get?key=89
Key not found in SST files

C:\Users\zczak\Desktop\S5\ZikoDB>curl http://localhost:8080/get?key=90
Key not found in SST files

C:\Users\zczak\Desktop\S5\ZikoDB>curl http://localhost:8080/get?key=91
Key not found in SST files

C:\Users\zczak\Desktop\S5\ZikoDB>curl http://localhost:8080/get?key=92
Key not found in SST files

C:\Users\zczak\Desktop\S5\ZikoDB>curl http://localhost:8080/get?key=93
Key not found in SST files

C:\Users\zczak\Desktop\S5\ZikoDB>curl http://localhost:8080/get?key=94
Key not found in SST files

C:\Users\zczak\Desktop\S5\ZikoDB>curl http://localhost:8080/get?key=95
Key not found in SST files

C:\Users\zczak\Desktop\S5\ZikoDB>curl http://localhost:8080/get?key=96
Key not found in SST files

C:\Users\zczak\Desktop\S5\ZikoDB>curl http://localhost:8080/get?key=97
Key not found in SST files

C:\Users\zczak\Desktop\S5\ZikoDB>curl http://localhost:8080/get?key=98
Key not found in SST files

C:\Users\zczak\Desktop\S5\ZikoDB>curl http://localhost:8080/get?key=99
Key not found in SST files

C:\Users\zczak\Desktop\S5\ZikoDB>curl http://localhost:8080/get?key=100
Value: 100

C:\Users\zczak\Desktop\S5\ZikoDB>curl http://localhost:8080/get?key=101
Value: 101

C:\Users\zczak\Desktop\S5\ZikoDB>curl http://localhost:8080/get?key=102
Value: 102

C:\Users\zczak\Desktop\S5\ZikoDB>curl http://localhost:8080/get?key=103
Value: 103

C:\Users\zczak\Desktop\S5\ZikoDB>curl http://localhost:8080/get?key=104
Value: 104

C:\Users\zczak\Desktop\S5\ZikoDB>curl http://localhost:8080/get?key=105
Value: 105

C:\Users\zczak\Desktop\S5\ZikoDB>curl http://localhost:8080/get?key=106
Value: 106

C:\Users\zczak\Desktop\S5\ZikoDB>curl http://localhost:8080/get?key=107
Value: 107

C:\Users\zczak\Desktop\S5\ZikoDB>curl http://localhost:8080/get?key=108
Value: 108

C:\Users\zczak\Desktop\S5\ZikoDB>curl http://localhost:8080/get?key=109
Value: 109

C:\Users\zczak\Desktop\S5\ZikoDB>curl http://localhost:8080/get?key=110
Value: 110

C:\Users\zczak\Desktop\S5\ZikoDB>curl http://localhost:8080/get?key=111
Value: 111

C:\Users\zczak\Desktop\S5\ZikoDB>curl http://localhost:8080/get?key=112
Value: 112

C:\Users\zczak\Desktop\S5\ZikoDB>curl http://localhost:8080/get?key=113
Value: 113

C:\Users\zczak\Desktop\S5\ZikoDB>curl http://localhost:8080/get?key=114
Value: 114

C:\Users\zczak\Desktop\S5\ZikoDB>curl http://localhost:8080/get?key=115
Value: 115

C:\Users\zczak\Desktop\S5\ZikoDB>curl http://localhost:8080/get?key=116
Value: 116

C:\Users\zczak\Desktop\S5\ZikoDB>curl http://localhost:8080/get?key=117
Value: 117

C:\Users\zczak\Desktop\S5\ZikoDB>curl http://localhost:8080/get?key=118
Value: 118

C:\Users\zczak\Desktop\S5\ZikoDB>curl http://localhost:8080/get?key=119
Value: 119

C:\Users\zczak\Desktop\S5\ZikoDB>curl http://localhost:8080/get?key=120
Value: 120

C:\Users\zczak\Desktop\S5\ZikoDB>curl http://localhost:8080/get?key=121
Value: 121

C:\Users\zczak\Desktop\S5\ZikoDB>curl http://localhost:8080/get?key=122
Value: 122

C:\Users\zczak\Desktop\S5\ZikoDB>curl http://localhost:8080/get?key=123
Value: 123

C:\Users\zczak\Desktop\S5\ZikoDB>curl http://localhost:8080/get?key=124
Value: 124

C:\Users\zczak\Desktop\S5\ZikoDB>curl http://localhost:8080/get?key=125
Value: 125

C:\Users\zczak\Desktop\S5\ZikoDB>curl http://localhost:8080/get?key=126
Value: 126

C:\Users\zczak\Desktop\S5\ZikoDB>curl http://localhost:8080/get?key=127
Value: 127

C:\Users\zczak\Desktop\S5\ZikoDB>curl http://localhost:8080/get?key=128
Value: 128

C:\Users\zczak\Desktop\S5\ZikoDB>curl http://localhost:8080/get?key=129
Value: 129

C:\Users\zczak\Desktop\S5\ZikoDB>curl http://localhost:8080/get?key=130
Value: 130

C:\Users\zczak\Desktop\S5\ZikoDB>curl http://localhost:8080/get?key=131
Value: 131

C:\Users\zczak\Desktop\S5\ZikoDB>curl http://localhost:8080/get?key=132
Value: 132

C:\Users\zczak\Desktop\S5\ZikoDB>curl http://localhost:8080/get?key=133
Value: 133

C:\Users\zczak\Desktop\S5\ZikoDB>curl http://localhost:8080/get?key=134
Value: 134

C:\Users\zczak\Desktop\S5\ZikoDB>curl http://localhost:8080/get?key=135
Value: 135

C:\Users\zczak\Desktop\S5\ZikoDB>curl http://localhost:8080/get?key=136
Value: 136

C:\Users\zczak\Desktop\S5\ZikoDB>curl http://localhost:8080/get?key=137
Value: 137

C:\Users\zczak\Desktop\S5\ZikoDB>curl http://localhost:8080/get?key=138
Value: 138

C:\Users\zczak\Desktop\S5\ZikoDB>curl http://localhost:8080/get?key=139
Value: 139

C:\Users\zczak\Desktop\S5\ZikoDB>curl http://localhost:8080/get?key=140
Value: 140

C:\Users\zczak\Desktop\S5\ZikoDB>curl http://localhost:8080/get?key=141
Value: 141

C:\Users\zczak\Desktop\S5\ZikoDB>curl http://localhost:8080/get?key=142
Value: 142

C:\Users\zczak\Desktop\S5\ZikoDB>curl http://localhost:8080/get?key=143
Key not found in SST files

C:\Users\zczak\Desktop\S5\ZikoDB>curl http://localhost:8080/get?key=144
Key not found in SST files

C:\Users\zczak\Desktop\S5\ZikoDB>curl http://localhost:8080/get?key=145
Key not found in SST files

C:\Users\zczak\Desktop\S5\ZikoDB>curl http://localhost:8080/get?key=146
Key not found in SST files

C:\Users\zczak\Desktop\S5\ZikoDB>curl http://localhost:8080/get?key=147
Key not found in SST files

C:\Users\zczak\Desktop\S5\ZikoDB>curl http://localhost:8080/get?key=148
Key not found in SST files

C:\Users\zczak\Desktop\S5\ZikoDB>curl http://localhost:8080/get?key=149
Key not found in SST files

C:\Users\zczak\Desktop\S5\ZikoDB>curl http://localhost:8080/get?key=150
Key not found in SST files

C:\Users\zczak\Desktop\S5\ZikoDB>curl http://localhost:8080/get?key=151
Key not found in SST files

C:\Users\zczak\Desktop\S5\ZikoDB>curl http://localhost:8080/get?key=152
Key not found in SST files

C:\Users\zczak\Desktop\S5\ZikoDB>curl http://localhost:8080/get?key=153
Key not found in SST files

C:\Users\zczak\Desktop\S5\ZikoDB>curl http://localhost:8080/get?key=154
Key not found in SST files

C:\Users\zczak\Desktop\S5\ZikoDB>curl http://localhost:8080/get?key=155
Key not found in SST files

C:\Users\zczak\Desktop\S5\ZikoDB>curl http://localhost:8080/get?key=156
Key not found in SST files

C:\Users\zczak\Desktop\S5\ZikoDB>curl http://localhost:8080/get?key=157
Key not found in SST files

C:\Users\zczak\Desktop\S5\ZikoDB>curl http://localhost:8080/get?key=158
Key not found in SST files

C:\Users\zczak\Desktop\S5\ZikoDB>curl http://localhost:8080/get?key=159
Key not found in SST files

C:\Users\zczak\Desktop\S5\ZikoDB>curl http://localhost:8080/get?key=160
Key not found in SST files

C:\Users\zczak\Desktop\S5\ZikoDB>curl http://localhost:8080/get?key=161
Key not found in SST files

C:\Users\zczak\Desktop\S5\ZikoDB>curl http://localhost:8080/get?key=162
Key not found in SST files

C:\Users\zczak\Desktop\S5\ZikoDB>curl http://localhost:8080/get?key=163
Key not found in SST files

C:\Users\zczak\Desktop\S5\ZikoDB>curl http://localhost:8080/get?key=164
Key not found in SST files

C:\Users\zczak\Desktop\S5\ZikoDB>curl http://localhost:8080/get?key=165
Key not found in SST files

C:\Users\zczak\Desktop\S5\ZikoDB>curl http://localhost:8080/get?key=166
Key not found in SST files

C:\Users\zczak\Desktop\S5\ZikoDB>curl http://localhost:8080/get?key=167
Key not found in SST files

C:\Users\zczak\Desktop\S5\ZikoDB>curl http://localhost:8080/get?key=168
Key not found in SST files

C:\Users\zczak\Desktop\S5\ZikoDB>curl http://localhost:8080/get?key=169
Key not found in SST files

C:\Users\zczak\Desktop\S5\ZikoDB>curl http://localhost:8080/get?key=170
Key not found in SST files

C:\Users\zczak\Desktop\S5\ZikoDB>curl http://localhost:8080/get?key=171
Key not found in SST files

C:\Users\zczak\Desktop\S5\ZikoDB>curl http://localhost:8080/get?key=172
Key not found in SST files

C:\Users\zczak\Desktop\S5\ZikoDB>curl http://localhost:8080/get?key=173
Key not found in SST files

C:\Users\zczak\Desktop\S5\ZikoDB>curl http://localhost:8080/get?key=174
Key not found in SST files

C:\Users\zczak\Desktop\S5\ZikoDB>curl http://localhost:8080/get?key=175
Key not found in SST files

C:\Users\zczak\Desktop\S5\ZikoDB>curl http://localhost:8080/get?key=176
Key not found in SST files

C:\Users\zczak\Desktop\S5\ZikoDB>curl http://localhost:8080/get?key=177
Key not found in SST files

C:\Users\zczak\Desktop\S5\ZikoDB>curl http://localhost:8080/get?key=178
Key not found in SST files

C:\Users\zczak\Desktop\S5\ZikoDB>curl http://localhost:8080/get?key=179
Key not found in SST files

C:\Users\zczak\Desktop\S5\ZikoDB>curl http://localhost:8080/get?key=180
Key not found in SST files

C:\Users\zczak\Desktop\S5\ZikoDB>curl http://localhost:8080/get?key=181
Key not found in SST files

C:\Users\zczak\Desktop\S5\ZikoDB>curl http://localhost:8080/get?key=182
Key not found in SST files

C:\Users\zczak\Desktop\S5\ZikoDB>curl http://localhost:8080/get?key=183
Key not found in SST files

C:\Users\zczak\Desktop\S5\ZikoDB>curl http://localhost:8080/get?key=184
Key not found in SST files

C:\Users\zczak\Desktop\S5\ZikoDB>curl http://localhost:8080/get?key=185
Key not found in SST files

C:\Users\zczak\Desktop\S5\ZikoDB>curl http://localhost:8080/get?key=186
Key not found in SST files

C:\Users\zczak\Desktop\S5\ZikoDB>curl http://localhost:8080/get?key=187
Key not found in SST files

C:\Users\zczak\Desktop\S5\ZikoDB>curl http://localhost:8080/get?key=188
Key not found in SST files

C:\Users\zczak\Desktop\S5\ZikoDB>curl http://localhost:8080/get?key=189
Key not found in SST files

C:\Users\zczak\Desktop\S5\ZikoDB>curl http://localhost:8080/get?key=190
Key not found in SST files

C:\Users\zczak\Desktop\S5\ZikoDB>curl http://localhost:8080/get?key=191
Key not found in SST files

C:\Users\zczak\Desktop\S5\ZikoDB>curl http://localhost:8080/get?key=192
Key not found in SST files

C:\Users\zczak\Desktop\S5\ZikoDB>curl http://localhost:8080/get?key=193
Key not found in SST files

C:\Users\zczak\Desktop\S5\ZikoDB>curl http://localhost:8080/get?key=194
Key not found in SST files

C:\Users\zczak\Desktop\S5\ZikoDB>curl http://localhost:8080/get?key=195
Key not found in SST files

C:\Users\zczak\Desktop\S5\ZikoDB>curl http://localhost:8080/get?key=196
Key not found in SST files

C:\Users\zczak\Desktop\S5\ZikoDB>curl http://localhost:8080/get?key=197
Key not found in SST files

C:\Users\zczak\Desktop\S5\ZikoDB>curl http://localhost:8080/get?key=198
Key not found in SST files

C:\Users\zczak\Desktop\S5\ZikoDB>curl http://localhost:8080/get?key=199
Key not found in SST files

C:\Users\zczak\Desktop\S5\ZikoDB>curl http://localhost:8080/get?key=200
Value: 200

C:\Users\zczak\Desktop\S5\ZikoDB>curl http://localhost:8080/get?key=201
Value: 201

C:\Users\zczak\Desktop\S5\ZikoDB>curl http://localhost:8080/get?key=202
Value: 202

C:\Users\zczak\Desktop\S5\ZikoDB>curl http://localhost:8080/get?key=203
Value: 203

C:\Users\zczak\Desktop\S5\ZikoDB>curl http://localhost:8080/get?key=204
Value: 204

C:\Users\zczak\Desktop\S5\ZikoDB>curl http://localhost:8080/get?key=205
Value: 205

C:\Users\zczak\Desktop\S5\ZikoDB>curl http://localhost:8080/get?key=206
Value: 206

C:\Users\zczak\Desktop\S5\ZikoDB>curl http://localhost:8080/get?key=207
Value: 207

C:\Users\zczak\Desktop\S5\ZikoDB>curl http://localhost:8080/get?key=208
Value: 208

C:\Users\zczak\Desktop\S5\ZikoDB>curl http://localhost:8080/get?key=209
Value: 209

C:\Users\zczak\Desktop\S5\ZikoDB>curl http://localhost:8080/get?key=210
Value: 210

C:\Users\zczak\Desktop\S5\ZikoDB>curl http://localhost:8080/get?key=211
Value: 211

C:\Users\zczak\Desktop\S5\ZikoDB>curl http://localhost:8080/get?key=212
Value: 212

C:\Users\zczak\Desktop\S5\ZikoDB>curl http://localhost:8080/get?key=213
Value: 213

C:\Users\zczak\Desktop\S5\ZikoDB>curl http://localhost:8080/get?key=214
Value: 214

C:\Users\zczak\Desktop\S5\ZikoDB>curl http://localhost:8080/get?key=215
Value: 215

C:\Users\zczak\Desktop\S5\ZikoDB>curl http://localhost:8080/get?key=216
Value: 216

C:\Users\zczak\Desktop\S5\ZikoDB>curl http://localhost:8080/get?key=217
Value: 217

C:\Users\zczak\Desktop\S5\ZikoDB>curl http://localhost:8080/get?key=218
Value: 218

C:\Users\zczak\Desktop\S5\ZikoDB>curl http://localhost:8080/get?key=219
Value: 219

C:\Users\zczak\Desktop\S5\ZikoDB>curl http://localhost:8080/get?key=220
Value: 220

C:\Users\zczak\Desktop\S5\ZikoDB>curl http://localhost:8080/get?key=221
Value: 221

C:\Users\zczak\Desktop\S5\ZikoDB>curl http://localhost:8080/get?key=222
Value: 222

C:\Users\zczak\Desktop\S5\ZikoDB>curl http://localhost:8080/get?key=223
Value: 223

C:\Users\zczak\Desktop\S5\ZikoDB>curl http://localhost:8080/get?key=224
Value: 224

C:\Users\zczak\Desktop\S5\ZikoDB>curl http://localhost:8080/get?key=225
Value: 225

C:\Users\zczak\Desktop\S5\ZikoDB>curl http://localhost:8080/get?key=226
Value: 226

C:\Users\zczak\Desktop\S5\ZikoDB>curl http://localhost:8080/get?key=227
Value: 227

C:\Users\zczak\Desktop\S5\ZikoDB>curl http://localhost:8080/get?key=228
Value: 228

C:\Users\zczak\Desktop\S5\ZikoDB>curl http://localhost:8080/get?key=229
Value: 229

C:\Users\zczak\Desktop\S5\ZikoDB>curl http://localhost:8080/get?key=230
Value: 230

C:\Users\zczak\Desktop\S5\ZikoDB>curl http://localhost:8080/get?key=231
Value: 231

C:\Users\zczak\Desktop\S5\ZikoDB>curl http://localhost:8080/get?key=232
Value: 232

C:\Users\zczak\Desktop\S5\ZikoDB>curl http://localhost:8080/get?key=233
Value: 233

C:\Users\zczak\Desktop\S5\ZikoDB>curl http://localhost:8080/get?key=234
Value: 234

C:\Users\zczak\Desktop\S5\ZikoDB>curl http://localhost:8080/get?key=235
Value: 235

C:\Users\zczak\Desktop\S5\ZikoDB>curl http://localhost:8080/get?key=236
Value: 236

C:\Users\zczak\Desktop\S5\ZikoDB>curl http://localhost:8080/get?key=237
Value: 237

C:\Users\zczak\Desktop\S5\ZikoDB>curl http://localhost:8080/get?key=238
Value: 238

C:\Users\zczak\Desktop\S5\ZikoDB>curl http://localhost:8080/get?key=239
Value: 239

C:\Users\zczak\Desktop\S5\ZikoDB>curl http://localhost:8080/get?key=240
Value: 240

C:\Users\zczak\Desktop\S5\ZikoDB>curl http://localhost:8080/get?key=241
Value: 241

C:\Users\zczak\Desktop\S5\ZikoDB>curl http://localhost:8080/get?key=242
Value: 242

C:\Users\zczak\Desktop\S5\ZikoDB>curl http://localhost:8080/get?key=243
Value: 243

C:\Users\zczak\Desktop\S5\ZikoDB>curl http://localhost:8080/get?key=244
Value: 244

C:\Users\zczak\Desktop\S5\ZikoDB>curl http://localhost:8080/get?key=245
Value: 245

C:\Users\zczak\Desktop\S5\ZikoDB>curl http://localhost:8080/get?key=246
Value: 246

C:\Users\zczak\Desktop\S5\ZikoDB>curl http://localhost:8080/get?key=247
Value: 247

C:\Users\zczak\Desktop\S5\ZikoDB>curl http://localhost:8080/get?key=248
Value: 248

C:\Users\zczak\Desktop\S5\ZikoDB>curl http://localhost:8080/get?key=249
Value: 249

C:\Users\zczak\Desktop\S5\ZikoDB>curl http://localhost:8080/get?key=250
Key not found in SST files

C:\Users\zczak\Desktop\S5\ZikoDB>curl http://localhost:8080/get?key=251
Key not found in SST files

C:\Users\zczak\Desktop\S5\ZikoDB>curl http://localhost:8080/get?key=252
Key not found in SST files

C:\Users\zczak\Desktop\S5\ZikoDB>curl http://localhost:8080/get?key=253
Key not found in SST files

C:\Users\zczak\Desktop\S5\ZikoDB>curl http://localhost:8080/get?key=254
Key not found in SST files

C:\Users\zczak\Desktop\S5\ZikoDB>curl http://localhost:8080/get?key=255
Key not found in SST files

C:\Users\zczak\Desktop\S5\ZikoDB>curl http://localhost:8080/get?key=256
Key not found in SST files

C:\Users\zczak\Desktop\S5\ZikoDB>curl http://localhost:8080/get?key=257
Key not found in SST files

C:\Users\zczak\Desktop\S5\ZikoDB>curl http://localhost:8080/get?key=258
Key not found in SST files

C:\Users\zczak\Desktop\S5\ZikoDB>curl http://localhost:8080/get?key=259
Key not found in SST files

C:\Users\zczak\Desktop\S5\ZikoDB>curl http://localhost:8080/get?key=260
Key not found in SST files

C:\Users\zczak\Desktop\S5\ZikoDB>curl http://localhost:8080/get?key=261
Key not found in SST files

C:\Users\zczak\Desktop\S5\ZikoDB>curl http://localhost:8080/get?key=262
Key not found in SST files

C:\Users\zczak\Desktop\S5\ZikoDB>curl http://localhost:8080/get?key=263
Key not found in SST files

C:\Users\zczak\Desktop\S5\ZikoDB>curl http://localhost:8080/get?key=264
Key not found in SST files

C:\Users\zczak\Desktop\S5\ZikoDB>curl http://localhost:8080/get?key=265
Key not found in SST files

C:\Users\zczak\Desktop\S5\ZikoDB>curl http://localhost:8080/get?key=266
Key not found in SST files

C:\Users\zczak\Desktop\S5\ZikoDB>curl http://localhost:8080/get?key=267
Key not found in SST files

C:\Users\zczak\Desktop\S5\ZikoDB>curl http://localhost:8080/get?key=268
Key not found in SST files

C:\Users\zczak\Desktop\S5\ZikoDB>curl http://localhost:8080/get?key=269
Key not found in SST files

C:\Users\zczak\Desktop\S5\ZikoDB>curl http://localhost:8080/get?key=270
Key not found in SST files

C:\Users\zczak\Desktop\S5\ZikoDB>curl http://localhost:8080/get?key=271
Key not found in SST files

C:\Users\zczak\Desktop\S5\ZikoDB>curl http://localhost:8080/get?key=272
Key not found in SST files

C:\Users\zczak\Desktop\S5\ZikoDB>curl http://localhost:8080/get?key=273
Key not found in SST files

C:\Users\zczak\Desktop\S5\ZikoDB>curl http://localhost:8080/get?key=274
Key not found in SST files

C:\Users\zczak\Desktop\S5\ZikoDB>curl http://localhost:8080/get?key=275
Key not found in SST files

C:\Users\zczak\Desktop\S5\ZikoDB>curl http://localhost:8080/get?key=276
Key not found in SST files

C:\Users\zczak\Desktop\S5\ZikoDB>curl http://localhost:8080/get?key=277
Key not found in SST files

C:\Users\zczak\Desktop\S5\ZikoDB>curl http://localhost:8080/get?key=278
Key not found in SST files

C:\Users\zczak\Desktop\S5\ZikoDB>curl http://localhost:8080/get?key=279
Key not found in SST files

C:\Users\zczak\Desktop\S5\ZikoDB>curl http://localhost:8080/get?key=280
Key not found in SST files

C:\Users\zczak\Desktop\S5\ZikoDB>curl http://localhost:8080/get?key=281
Key not found in SST files

C:\Users\zczak\Desktop\S5\ZikoDB>curl http://localhost:8080/get?key=282
Key not found in SST files

C:\Users\zczak\Desktop\S5\ZikoDB>curl http://localhost:8080/get?key=283
Key not found in SST files

C:\Users\zczak\Desktop\S5\ZikoDB>curl http://localhost:8080/get?key=284
Key not found in SST files

C:\Users\zczak\Desktop\S5\ZikoDB>curl http://localhost:8080/get?key=285
Key not found in SST files

C:\Users\zczak\Desktop\S5\ZikoDB>curl http://localhost:8080/get?key=286
Key not found in SST files

C:\Users\zczak\Desktop\S5\ZikoDB>curl http://localhost:8080/get?key=287
Key not found in SST files

C:\Users\zczak\Desktop\S5\ZikoDB>curl http://localhost:8080/get?key=288
Key not found in SST files

C:\Users\zczak\Desktop\S5\ZikoDB>curl http://localhost:8080/get?key=289
Key not found in SST files

C:\Users\zczak\Desktop\S5\ZikoDB>curl http://localhost:8080/get?key=290
Key not found in SST files

C:\Users\zczak\Desktop\S5\ZikoDB>curl http://localhost:8080/get?key=291
Key not found in SST files

C:\Users\zczak\Desktop\S5\ZikoDB>curl http://localhost:8080/get?key=292
Key not found in SST files

C:\Users\zczak\Desktop\S5\ZikoDB>curl http://localhost:8080/get?key=293
Key not found in SST files

C:\Users\zczak\Desktop\S5\ZikoDB>curl http://localhost:8080/get?key=294
Key not found in SST files

C:\Users\zczak\Desktop\S5\ZikoDB>curl http://localhost:8080/get?key=295
Key not found in SST files

C:\Users\zczak\Desktop\S5\ZikoDB>curl http://localhost:8080/get?key=296
Key not found in SST files

C:\Users\zczak\Desktop\S5\ZikoDB>curl http://localhost:8080/get?key=297
Key not found in SST files

C:\Users\zczak\Desktop\S5\ZikoDB>curl http://localhost:8080/get?key=298
Key not found in SST files

C:\Users\zczak\Desktop\S5\ZikoDB>curl http://localhost:8080/get?key=299
Key not found in SST files

C:\Users\zczak\Desktop\S5\ZikoDB>curl http://localhost:8080/get?key=300
Key not found in SST files

C:\Users\zczak\Desktop\S5\ZikoDB>curl http://localhost:8080/get?key=301
Key not found in SST files

C:\Users\zczak\Desktop\S5\ZikoDB>curl http://localhost:8080/get?key=302
Key not found in SST files

C:\Users\zczak\Desktop\S5\ZikoDB>curl http://localhost:8080/get?key=303
Key not found in SST files

C:\Users\zczak\Desktop\S5\ZikoDB>curl http://localhost:8080/get?key=304
Key not found in SST files

C:\Users\zczak\Desktop\S5\ZikoDB>curl http://localhost:8080/get?key=305
Key not found in SST files

C:\Users\zczak\Desktop\S5\ZikoDB>curl http://localhost:8080/get?key=306
Key not found in SST files

C:\Users\zczak\Desktop\S5\ZikoDB>curl http://localhost:8080/get?key=307
Key not found in SST files

C:\Users\zczak\Desktop\S5\ZikoDB>curl http://localhost:8080/get?key=308
Key not found in SST files

C:\Users\zczak\Desktop\S5\ZikoDB>curl http://localhost:8080/get?key=309
Key not found in SST files

C:\Users\zczak\Desktop\S5\ZikoDB>curl http://localhost:8080/get?key=310
Key not found in SST files

C:\Users\zczak\Desktop\S5\ZikoDB>curl http://localhost:8080/get?key=311
Key not found in SST files

C:\Users\zczak\Desktop\S5\ZikoDB>curl http://localhost:8080/get?key=312
Key not found in SST files

C:\Users\zczak\Desktop\S5\ZikoDB>curl http://localhost:8080/get?key=313
Key not found in SST files

C:\Users\zczak\Desktop\S5\ZikoDB>curl http://localhost:8080/get?key=314
Key not found in SST files

C:\Users\zczak\Desktop\S5\ZikoDB>curl http://localhost:8080/get?key=315
Key not found in SST files

C:\Users\zczak\Desktop\S5\ZikoDB>curl http://localhost:8080/get?key=316
Key not found in SST files

C:\Users\zczak\Desktop\S5\ZikoDB>curl http://localhost:8080/get?key=317
Key not found in SST files

C:\Users\zczak\Desktop\S5\ZikoDB>curl http://localhost:8080/get?key=318
Key not found in SST files

C:\Users\zczak\Desktop\S5\ZikoDB>curl http://localhost:8080/get?key=319
Key not found in SST files

C:\Users\zczak\Desktop\S5\ZikoDB>curl http://localhost:8080/get?key=320
Key not found in SST files

C:\Users\zczak\Desktop\S5\ZikoDB>curl http://localhost:8080/get?key=321
Key not found in SST files

C:\Users\zczak\Desktop\S5\ZikoDB>curl http://localhost:8080/get?key=322
Key not found in SST files

C:\Users\zczak\Desktop\S5\ZikoDB>curl http://localhost:8080/get?key=323
Key not found in SST files

C:\Users\zczak\Desktop\S5\ZikoDB>curl http://localhost:8080/get?key=324
Key not found in SST files

C:\Users\zczak\Desktop\S5\ZikoDB>curl http://localhost:8080/get?key=325
Key not found in SST files

C:\Users\zczak\Desktop\S5\ZikoDB>curl http://localhost:8080/get?key=326
Key not found in SST files

C:\Users\zczak\Desktop\S5\ZikoDB>curl http://localhost:8080/get?key=327
Key not found in SST files

C:\Users\zczak\Desktop\S5\ZikoDB>curl http://localhost:8080/get?key=328
Key not found in SST files

C:\Users\zczak\Desktop\S5\ZikoDB>curl http://localhost:8080/get?key=329
Key not found in SST files

C:\Users\zczak\Desktop\S5\ZikoDB>curl http://localhost:8080/get?key=330
Key not found in SST files

C:\Users\zczak\Desktop\S5\ZikoDB>curl http://localhost:8080/get?key=331
Key not found in SST files

C:\Users\zczak\Desktop\S5\ZikoDB>curl http://localhost:8080/get?key=332
Key not found in SST files

C:\Users\zczak\Desktop\S5\ZikoDB>curl http://localhost:8080/get?key=333
Key not found in SST files

C:\Users\zczak\Desktop\S5\ZikoDB>curl http://localhost:8080/get?key=334
Key not found in SST files

C:\Users\zczak\Desktop\S5\ZikoDB>curl http://localhost:8080/get?key=335
Key not found in SST files

C:\Users\zczak\Desktop\S5\ZikoDB>curl http://localhost:8080/get?key=336
Key not found in SST files

C:\Users\zczak\Desktop\S5\ZikoDB>curl http://localhost:8080/get?key=337
Key not found in SST files

C:\Users\zczak\Desktop\S5\ZikoDB>curl http://localhost:8080/get?key=338
Key not found in SST files

C:\Users\zczak\Desktop\S5\ZikoDB>curl http://localhost:8080/get?key=339
Key not found in SST files

C:\Users\zczak\Desktop\S5\ZikoDB>curl http://localhost:8080/get?key=340
Key not found in SST files

C:\Users\zczak\Desktop\S5\ZikoDB>curl http://localhost:8080/get?key=341
Key not found in SST files

C:\Users\zczak\Desktop\S5\ZikoDB>curl http://localhost:8080/get?key=342
Key not found in SST files

C:\Users\zczak\Desktop\S5\ZikoDB>curl http://localhost:8080/get?key=343
Key not found in SST files

C:\Users\zczak\Desktop\S5\ZikoDB>curl http://localhost:8080/get?key=344
Key not found in SST files

C:\Users\zczak\Desktop\S5\ZikoDB>curl http://localhost:8080/get?key=345
Key not found in SST files

C:\Users\zczak\Desktop\S5\ZikoDB>curl http://localhost:8080/get?key=346
Key not found in SST files

C:\Users\zczak\Desktop\S5\ZikoDB>curl http://localhost:8080/get?key=347
Key not found in SST files

C:\Users\zczak\Desktop\S5\ZikoDB>curl http://localhost:8080/get?key=348
Key not found in SST files

C:\Users\zczak\Desktop\S5\ZikoDB>curl http://localhost:8080/get?key=349
Key not found in SST files

C:\Users\zczak\Desktop\S5\ZikoDB>curl http://localhost:8080/get?key=350
Key not found in SST files

C:\Users\zczak\Desktop\S5\ZikoDB>curl http://localhost:8080/get?key=351
Key not found in SST files

C:\Users\zczak\Desktop\S5\ZikoDB>curl http://localhost:8080/get?key=352
Key not found in SST files

C:\Users\zczak\Desktop\S5\ZikoDB>curl http://localhost:8080/get?key=353
Key not found in SST files

C:\Users\zczak\Desktop\S5\ZikoDB>curl http://localhost:8080/get?key=354
Key not found in SST files

C:\Users\zczak\Desktop\S5\ZikoDB>curl http://localhost:8080/get?key=355
Key not found in SST files

C:\Users\zczak\Desktop\S5\ZikoDB>curl http://localhost:8080/get?key=356
Key not found in SST files

C:\Users\zczak\Desktop\S5\ZikoDB>curl http://localhost:8080/get?key=357
Key not found in SST files

C:\Users\zczak\Desktop\S5\ZikoDB>curl http://localhost:8080/get?key=358
Key not found in SST files

C:\Users\zczak\Desktop\S5\ZikoDB>curl http://localhost:8080/get?key=359
Key not found in SST files

C:\Users\zczak\Desktop\S5\ZikoDB>curl http://localhost:8080/get?key=360
Key not found in SST files

C:\Users\zczak\Desktop\S5\ZikoDB>curl http://localhost:8080/get?key=361
Key not found in SST files

C:\Users\zczak\Desktop\S5\ZikoDB>curl http://localhost:8080/get?key=362
Key not found in SST files

C:\Users\zczak\Desktop\S5\ZikoDB>curl http://localhost:8080/get?key=363
Key not found in SST files

C:\Users\zczak\Desktop\S5\ZikoDB>curl http://localhost:8080/get?key=364
Key not found in SST files

C:\Users\zczak\Desktop\S5\ZikoDB>curl http://localhost:8080/get?key=365
Key not found in SST files

C:\Users\zczak\Desktop\S5\ZikoDB>curl http://localhost:8080/get?key=366
Key not found in SST files

C:\Users\zczak\Desktop\S5\ZikoDB>curl http://localhost:8080/get?key=367
Key not found in SST files

C:\Users\zczak\Desktop\S5\ZikoDB>curl http://localhost:8080/get?key=368
Key not found in SST files

C:\Users\zczak\Desktop\S5\ZikoDB>curl http://localhost:8080/get?key=369
Key not found in SST files

C:\Users\zczak\Desktop\S5\ZikoDB>curl http://localhost:8080/get?key=370
Key not found in SST files

C:\Users\zczak\Desktop\S5\ZikoDB>curl http://localhost:8080/get?key=371
Key not found in SST files

C:\Users\zczak\Desktop\S5\ZikoDB>curl http://localhost:8080/get?key=372
Key not found in SST files

C:\Users\zczak\Desktop\S5\ZikoDB>curl http://localhost:8080/get?key=373
Key not found in SST files

C:\Users\zczak\Desktop\S5\ZikoDB>curl http://localhost:8080/get?key=374
Key not found in SST files

C:\Users\zczak\Desktop\S5\ZikoDB>curl http://localhost:8080/get?key=375
Key not found in SST files

C:\Users\zczak\Desktop\S5\ZikoDB>curl http://localhost:8080/get?key=376
